
=== Mon Feb  3 18:22:49 2020

Packages were changed.
Update Mode: mergeDefaultDependencies

The following packages were added:
  com.unity.textmeshpro@2.0.1
  com.unity.collab-proxy@1.2.16
  com.unity.test-framework@1.1.9
  com.unity.timeline@1.2.10
  com.unity.ide.vscode@1.1.4
  com.unity.ide.rider@1.1.4
  com.unity.ugui@1.0.0
  com.unity.modules.ai@1.0.0
  com.unity.modules.animation@1.0.0
  com.unity.modules.androidjni@1.0.0
  com.unity.modules.assetbundle@1.0.0
  com.unity.modules.audio@1.0.0
  com.unity.modules.cloth@1.0.0
  com.unity.modules.director@1.0.0
  com.unity.modules.imageconversion@1.0.0
  com.unity.modules.imgui@1.0.0
  com.unity.modules.jsonserialize@1.0.0
  com.unity.modules.particlesystem@1.0.0
  com.unity.modules.physics@1.0.0
  com.unity.modules.physics2d@1.0.0
  com.unity.modules.screencapture@1.0.0
  com.unity.modules.terrain@1.0.0
  com.unity.modules.terrainphysics@1.0.0
  com.unity.modules.tilemap@1.0.0
  com.unity.modules.ui@1.0.0
  com.unity.modules.uielements@1.0.0
  com.unity.modules.umbra@1.0.0
  com.unity.modules.unityanalytics@1.0.0
  com.unity.modules.unitywebrequest@1.0.0
  com.unity.modules.unitywebrequestassetbundle@1.0.0
  com.unity.modules.unitywebrequestaudio@1.0.0
  com.unity.modules.unitywebrequesttexture@1.0.0
  com.unity.modules.unitywebrequestwww@1.0.0
  com.unity.modules.vehicles@1.0.0
  com.unity.modules.video@1.0.0
  com.unity.modules.vr@1.0.0
  com.unity.modules.wind@1.0.0
  com.unity.modules.xr@1.0.0

=== Sat Feb  8 18:40:59 2020

Packages were changed.
Update Mode: updateDependencies

The following packages were added:
  com.unity.xr.legacyinputhelpers@1.3.8
  com.unity.multiplayer-hlapi@1.0.4

=== Sat Feb 15 15:28:59 2020

Packages were changed.
Update Mode: updateDependencies

The following packages were updated:
  com.unity.test-framework from version 1.1.9 to 1.1.11

=== Wed Jun 18 18:47:24 2025

Packages were changed.
Update Mode: updateDependencies

The following packages were added:
  com.unity.ide.visualstudio@2.0.22
  com.unity.ai.navigation@2.0.0
  com.unity.modules.accessibility@1.0.0
The following packages were updated:
  com.unity.collab-proxy from version 1.2.16 to 2.3.1
  com.unity.ide.rider from version 1.1.4 to 3.0.28
  com.unity.test-framework from version 1.1.11 to 1.4.4
  com.unity.timeline from version 1.2.10 to 1.8.6
  com.unity.ugui from version 1.0.0 to 2.0.0
The following packages were removed:
  com.unity.multiplayer-hlapi@1.0.4

=== Thu Feb 12 22:37:23 2026

Packages were changed.
Update Mode: updateDependencies

The following packages were added:
  com.unity.modules.adaptiveperformance@1.0.0
  com.unity.modules.vectorgraphics@1.0.0
  com.unity.multiplayer.center@1.0.1
The following packages were updated:
  com.unity.ai.navigation from version 2.0.0 to 2.0.9
  com.unity.collab-proxy from version 2.3.1 to 2.11.2
  com.unity.ide.rider from version 3.0.36 to 3.0.38
  com.unity.ide.visualstudio from version 2.0.22 to 2.0.26
  com.unity.test-framework from version 1.4.4 to 1.6.0
  com.unity.timeline from version 1.8.6 to 1.8.10
